[dotenv@17.3.1] injecting env (3) from .env -- tip: ⚡️ secrets for agents: https://dotenvx.com/as2
[dotenv@17.3.1] injecting env (0) from .env -- tip: ⚙️  suppress all logs with { quiet: true }
[1m[36m
  ╔════════════════════════════════════════════════╗
  ║           ⚔  THE AINN  ⚔                     ║
  ║      An Innkeeper's Management Simulation     ║
  ╚════════════════════════════════════════════════╝[0m

  [2mWelcome, Innkeeper. The hearth is cold and the rooms are empty.[0m
  [2mSummon patrons, post quests, and watch the math decide their fate.[0m

  [90m┌─────────────────────────────────────────┐[0m
  [90m│[0m Patrons: [1m0[0m (0 idle, 0 questing)  [90m│[0m
  [90m│[0m Quests:  0 posted, [32m0[0m done, [31m0[0m failed  [90m│[0m
  [90m│[0m Lore:    0 entries                      [90m│[0m
  [90m│[0m Mode:    [32mLLM[0m │ [33mMEM[0m                     [90m│[0m
  [90m└─────────────────────────────────────────┘[0m

  [1mCommands:[0m
    [36m1[0m Post a Quest          [36m6[0m View Lore Chronicle
    [36m2[0m View Patrons          [36m7[0m View Inn Ledger
    [36m3[0m View Quest Board      [36m8[0m Summon New Patron
    [36m4[0m Assign Patron         [36m9[0m Toggle LLM/DB
    [36m5[0m Resolve All Quests    [36mE[0m Equip Patron
    [36mG[0m Summon Lore Guardian (0/25)
    [36mI[0m Populate Inn (All 9) / [36m0[0m Exit

  [33m>[0m Command: 